START main 1 2026-09-12T11:13:06.4268889Z
header/compile: 54767 ns
fields128/compile: 610914 ns
wideplain128/compile: 596841 ns
header/compile: 760583 ns
fields128/compile: 11185350 ns
wideplain128/compile: 11482988 ns
START optimized 1 2026-09-12T11:13:26.1400469Z
header/compile: 29447 ns
fields128/compile: 612568 ns
wideplain128/compile: 616107 ns
wideif128/compile: 658583 ns
header/compile: 466338 ns
fields128/compile: 11311943 ns
wideplain128/compile: 11401676 ns
wideif128/compile: 12164038 ns
START feature 1 2026-09-12T11:13:51.4573401Z
header/compile: 68045 ns
fields128/compile: 633677 ns
wideplain128/compile: 646711 ns
wideif128/compile: 677745 ns
header/compile: 843676 ns
fields128/compile: 11364148 ns
wideplain128/compile: 11859206 ns
wideif128/compile: 12466460 ns
START feature 2 2026-09-12T11:14:15.9944865Z
header/compile: 68251 ns
fields128/compile: 659031 ns
wideplain128/compile: 655817 ns
wideif128/compile: 699366 ns
header/compile: 866648 ns
fields128/compile: 11691052 ns
wideplain128/compile: 11828124 ns
wideif128/compile: 12405637 ns
START optimized 2 2026-09-12T11:14:40.4711494Z
header/compile: 29389 ns
fields128/compile: 584752 ns
wideplain128/compile: 616613 ns
wideif128/compile: 670559 ns
header/compile: 462570 ns
fields128/compile: 11405404 ns
wideplain128/compile: 11590759 ns
wideif128/compile: 12337900 ns
START main 2 2026-09-12T11:15:05.6379602Z
header/compile: 56261 ns
fields128/compile: 585450 ns
wideplain128/compile: 613485 ns
header/compile: 749704 ns
fields128/compile: 11100258 ns
wideplain128/compile: 11513100 ns
